// Vitest Snapshot v1

exports[`inspectItem API handler > Throws 404 if item is not found. 1`] = `""`;
